{
  "!p#AA0 R D EH1 M AH0!AARDEMA": "AARDEMA",
  "!p#AA1 B AH0 B AH0!ABABA(1)": "ABABA(1)",
  "!p#AA1 B ER0 G!AABERG": "AABERG",
  "!p#AA1 K AH0 N ER0!AACHENER": "AACHENER",
  "!p#AA1 K AH0 N!AACHEN": "AACHEN",
  "!p#AA1 K ER0!AAKER": "AAKER",
  "!p#AA1 L S EH0 TH!AALSETH": "AALSETH",
  "!p#AA1 M AH0 T!AAMODT": "AAMODT",
  "!p#AA1 N K AO2 R!AANCOR": "AANCOR",
  "!p#AA1 R AH0 N S AH0 N Z!AARONSON'S(1)": "AARONSON'S(1)",
  "!p#AA1 R AH0 N S AH0 N!AARONSON(1)": "AARONSON(1)",
  "!p#AA1 R D V AA2 R K!AARDVARK": "AARDVARK",
  "!p#AA1 R T IY2!AARTI": "AARTI",
  "!p#AA1 S AH0 N!AASEN": "AASEN",
  "!p#AA1 S!AASE": "AASE",
  "!p#AE1 B AH0 K AH0 S!ABACUS": "ABACUS",
  "!p#AE1 B AH0 K AH0!ABACHA": "ABACHA",
  "!p#AE1 B AH0 K OW2!ABACO": "ABACO",
  "!p#AE1 B!AB": "AB",
  "!p#AE1 M P ER0 S AE2 N D!&AMPERSAND": "&AMPERSAND",
  "!p#AH0 B AA1 B AH0!ABABA": "ABABA",
  "!p#AH0 B AA1 D!ABAD": "ABAD",
  "!p#AH0 B AE1 K!ABACK": "ABACK",
  "!p#AH0 M!'EM": "'EM",
  "!p#AH0 M!'M": "'M",
  "!p#AH0 N!'N": "'N",
  "!p#AH0 P AA1 S T R AH0 F IY0!'APOSTROPHE": "'APOSTROPHE",
  "!p#AH0!A": "A",
  "!p#AH1 N K W OW1 T!\"UNQUOTE": "\"UNQUOTE",
  "!p#AH1 N P ER0 EH1 N TH AH0 S IY1 Z!)UN-PARENTHESES": ")UN-PARENTHESES",
  "!p#B AW1 T!'BOUT": "'BOUT",
  "!p#B IH0 G IH1 N P ER0 EH1 N Z!(BEGIN-PARENS": "(BEGIN-PARENS",
  "!p#D AA1 T!.DOT": ".DOT",
  "!p#D AE1 SH!-DASH": "-DASH",
  "!p#D AH1 B AH0 L K W OW1 T!\"DOUBLE-QUOTE": "\"DOUBLE-QUOTE",
  "!p#D EH1 S AH0 M AH0 L!.DECIMAL": ".DECIMAL",
  "!p#EH1 N D AH0 V K W OW1 T!\"END-OF-QUOTE": "\"END-OF-QUOTE",
  "!p#EH1 N D DH AH0 P ER0 EH1 N!)END-THE-PAREN": ")END-THE-PAREN",
  "!p#EH1 N D IH1 N ER0 K W OW1 T!'END-INNER-QUOTE": "'END-INNER-QUOTE",
  "!p#EH1 N D K W OW1 T!\"END-QUOTE": "\"END-QUOTE",
  "!p#EH1 N D K W OW1 T!'END-QUOTE": "'END-QUOTE",
  "!p#EH1 N D P ER0 EH1 N TH AH0 S IY2 Z!)END-PARENTHESES": ")END-PARENTHESES",
  "!p#EH1 N D P ER0 EH1 N Z!)END-PARENS": ")END-PARENS",
  "!p#EH1 N D P ER0 EH1 N!)END-PAREN": ")END-PAREN",
  "!p#EH1 R AH0 N S AH0 N Z!AARONSON'S": "AARONSON'S",
  "!p#EH1 R AH0 N S AH0 N!AARONSON": "AARONSON",
  "!p#EH1 R AH0 N Z!AARON'S": "AARON'S",
  "!p#EH1 R AH0 N Z!AARONS": "AARONS",
  "!p#EH1 R AH0 N!AARON": "AARON",
  "!p#EH1 S!'S": "'S",
  "!p#EH2 K S K L AH0 M EY1 SH AH0 N P OY2 N T!!EXCLAMATION-POINT": "!EXCLAMATION-POINT",
  "!p#EY1 B IY1!AB(1)": "AB(1)",
  "!p#EY1 F AO1 R T UW1 W AH1 N T UW1 EY1 T!A42128": "A42128",
  "!p#EY1 Z!A'S": "A'S",
  "!p#EY1 Z!A.'S": "A.'S",
  "!p#EY1 Z!A.S": "A.S",
  "!p#EY1!A(1)": "A(1)",
  "!p#EY1!A.": "A.",
  "!p#F R IH1 S K OW0!'FRISCO": "'FRISCO",
  "!p#F UH1 L S T AA1 P!.FULL-STOP": ".FULL-STOP",
  "!p#G EH1 N!'GAIN": "'GAIN",
  "!p#HH AY1 F AH0 N!-HYPHEN": "-HYPHEN",
  "!p#IH0 L IH1 P S IH0 S!...ELLIPSIS": "...ELLIPSIS",
  "!p#IH1 N ER0 K W OW1 T!'INNER-QUOTE": "'INNER-QUOTE",
  "!p#IH1 N K W OW1 T S!\"IN-QUOTES": "\"IN-QUOTES",
  "!p#IH1 N P ER0 EH1 N TH AH0 S IY2 Z!(IN-PARENTHESES": "(IN-PARENTHESES",
  "!p#K AA1 M AH0!,COMMA": ",COMMA",
  "!p#K AH0 Z!'CAUSE": "'CAUSE",
  "!p#K AO1 R S!'COURSE": "'COURSE",
  "!p#K EY1!'KAY": "'KAY",
  "!p#K L OW1 Z K W OW1 T!\"CLOSE-QUOTE": "\"CLOSE-QUOTE",
  "!p#K L OW1 Z P ER0 EH1 N TH AH0 S IY2 Z!)CLOSE-PARENTHESES": ")CLOSE-PARENTHESES",
  "!p#K L OW1 Z P ER0 EH1 N!)CLOSE-PAREN": ")CLOSE-PAREN",
  "!p#K OW1 L AH0 N!:COLON": ":COLON",
  "!p#K W EH1 S CH AH0 N M AA1 R K!?QUESTION-MARK": "?QUESTION-MARK",
  "!p#K W OW1 T!\"QUOTE": "\"QUOTE",
  "!p#K W OW1 T!'QUOTE": "'QUOTE",
  "!p#K Y UW1 Z!'CUSE": "'CUSE",
  "!p#L EH1 F T P ER0 EH1 N!(LEFT-PAREN": "(LEFT-PAREN",
  "!p#OW1 P AH0 N P ER0 EH1 N TH AH0 S IY2 Z!(OPEN-PARENTHESES": "(OPEN-PARENTHESES",
  "!p#P ER0 EH1 N TH AH0 S IY2 Z!(PARENTHESES": "(PARENTHESES",
  "!p#P ER0 EH1 N Z!(PARENS": "(PARENS",
  "!p#P ER0 EH1 N Z!)PARENS": ")PARENS",
  "!p#P ER0 EH1 N!(PAREN": "(PAREN",
  "!p#P ER0 EH1 N!)PAREN": ")PAREN",
  "!p#P ER0 S EH1 N T!%PERCENT": "%PERCENT",
  "!p#P IH1 R IY0 AH0 D!.PERIOD": ".PERIOD",
  "!p#P OY1 N T!.POINT": ".POINT",
  "!p#R AW1 N D!'ROUND": "'ROUND",
  "!p#R AY1 T P EH1 R AH0 N!)RIGHT-PAREN(1)": ")RIGHT-PAREN(1)",
  "!p#R AY1 T P ER0 EH1 N!)RIGHT-PAREN": ")RIGHT-PAREN",
  "!p#S EH1 M IH0 K OW2 L AH0 N!;SEMI-COLON(1)": ";SEMI-COLON(1)",
  "!p#S EH1 M IY0 K OW1 L AH0 N!;SEMI-COLON": ";SEMI-COLON",
  "!p#S IH1 NG G AH0 L K W OW1 T!'SINGLE-QUOTE": "'SINGLE-QUOTE",
  "!p#S L AE1 SH!/SLASH": "/SLASH",
  "!p#SH AA1 R P S AY1 N!#SHARP-SIGN": "#SHARP-SIGN",
  "!p#T IH1 L!'TIL": "'TIL",
  "!p#T IH1 Z!'TIS": "'TIS",
  "!p#T R IH2 P AH0 L EY1!AAA": "AAA",
  "!p#T W AH1 Z!'TWAS": "'TWAS",
  "!w!!EXCLAMATION-POINT": "EH2 K S K L AH0 M EY1 SH AH0 N P OY2 N T",
  "!w!\"CLOSE-QUOTE": "K L OW1 Z K W OW1 T",
  "!w!\"DOUBLE-QUOTE": "D AH1 B AH0 L K W OW1 T",
  "!w!\"END-OF-QUOTE": "EH1 N D AH0 V K W OW1 T",
  "!w!\"END-QUOTE": "EH1 N D K W OW1 T",
  "!w!\"IN-QUOTES": "IH1 N K W OW1 T S",
  "!w!\"QUOTE": "K W OW1 T",
  "!w!\"UNQUOTE": "AH1 N K W OW1 T",
  "!w!#SHARP-SIGN": "SH AA1 R P S AY1 N",
  "!w!%PERCENT": "P ER0 S EH1 N T",
  "!w!&AMPERSAND": "AE1 M P ER0 S AE2 N D",
  "!w!'APOSTROPHE": "AH0 P AA1 S T R AH0 F IY0",
  "!w!'BOUT": "B AW1 T",
  "!w!'CAUSE": "K AH0 Z",
  "!w!'COURSE": "K AO1 R S",
  "!w!'CUSE": "K Y UW1 Z",
  "!w!'EM": "AH0 M",
  "!w!'END-INNER-QUOTE": "EH1 N D IH1 N ER0 K W OW1 T",
  "!w!'END-QUOTE": "EH1 N D K W OW1 T",
  "!w!'FRISCO": "F R IH1 S K OW0",
  "!w!'GAIN": "G EH1 N",
  "!w!'INNER-QUOTE": "IH1 N ER0 K W OW1 T",
  "!w!'KAY": "K EY1",
  "!w!'M": "AH0 M",
  "!w!'N": "AH0 N",
  "!w!'QUOTE": "K W OW1 T",
  "!w!'ROUND": "R AW1 N D",
  "!w!'S": "EH1 S",
  "!w!'SINGLE-QUOTE": "S IH1 NG G AH0 L K W OW1 T",
  "!w!'TIL": "T IH1 L",
  "!w!'TIS": "T IH1 Z",
  "!w!'TWAS": "T W AH1 Z",
  "!w!(BEGIN-PARENS": "B IH0 G IH1 N P ER0 EH1 N Z",
  "!w!(IN-PARENTHESES": "IH1 N P ER0 EH1 N TH AH0 S IY2 Z",
  "!w!(LEFT-PAREN": "L EH1 F T P ER0 EH1 N",
  "!w!(OPEN-PARENTHESES": "OW1 P AH0 N P ER0 EH1 N TH AH0 S IY2 Z",
  "!w!(PAREN": "P ER0 EH1 N",
  "!w!(PARENS": "P ER0 EH1 N Z",
  "!w!(PARENTHESES": "P ER0 EH1 N TH AH0 S IY2 Z",
  "!w!)CLOSE-PAREN": "K L OW1 Z P ER0 EH1 N",
  "!w!)CLOSE-PARENTHESES": "K L OW1 Z P ER0 EH1 N TH AH0 S IY2 Z",
  "!w!)END-PAREN": "EH1 N D P ER0 EH1 N",
  "!w!)END-PARENS": "EH1 N D P ER0 EH1 N Z",
  "!w!)END-PARENTHESES": "EH1 N D P ER0 EH1 N TH AH0 S IY2 Z",
  "!w!)END-THE-PAREN": "EH1 N D DH AH0 P ER0 EH1 N",
  "!w!)PAREN": "P ER0 EH1 N",
  "!w!)PARENS": "P ER0 EH1 N Z",
  "!w!)RIGHT-PAREN": "R AY1 T P ER0 EH1 N",
  "!w!)RIGHT-PAREN(1)": "R AY1 T P EH1 R AH0 N",
  "!w!)UN-PARENTHESES": "AH1 N P ER0 EH1 N TH AH0 S IY1 Z",
  "!w!,COMMA": "K AA1 M AH0",
  "!w!-DASH": "D AE1 SH",
  "!w!-HYPHEN": "HH AY1 F AH0 N",
  "!w!...ELLIPSIS": "IH0 L IH1 P S IH0 S",
  "!w!.DECIMAL": "D EH1 S AH0 M AH0 L",
  "!w!.DOT": "D AA1 T",
  "!w!.FULL-STOP": "F UH1 L S T AA1 P",
  "!w!.PERIOD": "P IH1 R IY0 AH0 D",
  "!w!.POINT": "P OY1 N T",
  "!w!/SLASH": "S L AE1 SH",
  "!w!:COLON": "K OW1 L AH0 N",
  "!w!;SEMI-COLON": "S EH1 M IY0 K OW1 L AH0 N",
  "!w!;SEMI-COLON(1)": "S EH1 M IH0 K OW2 L AH0 N",
  "!w!?QUESTION-MARK": "K W EH1 S CH AH0 N M AA1 R K",
  "!w!A": "AH0",
  "!w!A'S": "EY1 Z",
  "!w!A(1)": "EY1",
  "!w!A.": "EY1",
  "!w!A.'S": "EY1 Z",
  "!w!A.S": "EY1 Z",
  "!w!A42128": "EY1 F AO1 R T UW1 W AH1 N T UW1 EY1 T",
  "!w!AAA": "T R IH2 P AH0 L EY1",
  "!w!AABERG": "AA1 B ER0 G",
  "!w!AACHEN": "AA1 K AH0 N",
  "!w!AACHENER": "AA1 K AH0 N ER0",
  "!w!AAKER": "AA1 K ER0",
  "!w!AALSETH": "AA1 L S EH0 TH",
  "!w!AAMODT": "AA1 M AH0 T",
  "!w!AANCOR": "AA1 N K AO2 R",
  "!w!AARDEMA": "AA0 R D EH1 M AH0",
  "!w!AARDVARK": "AA1 R D V AA2 R K",
  "!w!AARON": "EH1 R AH0 N",
  "!w!AARON'S": "EH1 R AH0 N Z",
  "!w!AARONS": "EH1 R AH0 N Z",
  "!w!AARONSON": "EH1 R AH0 N S AH0 N",
  "!w!AARONSON'S": "EH1 R AH0 N S AH0 N Z",
  "!w!AARONSON'S(1)": "AA1 R AH0 N S AH0 N Z",
  "!w!AARONSON(1)": "AA1 R AH0 N S AH0 N",
  "!w!AARTI": "AA1 R T IY2",
  "!w!AASE": "AA1 S",
  "!w!AASEN": "AA1 S AH0 N",
  "!w!AB": "AE1 B",
  "!w!AB(1)": "EY1 B IY1",
  "!w!ABABA": "AH0 B AA1 B AH0",
  "!w!ABABA(1)": "AA1 B AH0 B AH0",
  "!w!ABACHA": "AE1 B AH0 K AH0",
  "!w!ABACK": "AH0 B AE1 K",
  "!w!ABACO": "AE1 B AH0 K OW2",
  "!w!ABACUS": "AE1 B AH0 K AH0 S",
  "!w!ABAD": "AH0 B AA1 D"
}