{
  "s!pm!": {
    "doc": "pm",
    "id": "",
    "word": ""
  },
  "s!pm!A": {
    "doc": "pm",
    "id": "A",
    "word": "AAA"
  },
  "s!pm!AKR": {
    "doc": "pm",
    "id": "AKR",
    "word": "AAKER"
  },
  "s!pm!ALS0": {
    "doc": "pm",
    "id": "ALS0",
    "word": "AALSETH"
  },
  "s!pm!AMT": {
    "doc": "pm",
    "id": "AMT",
    "word": "AAMODT"
  },
  "s!pm!ANKR": {
    "doc": "pm",
    "id": "ANKR",
    "word": "AANCOR"
  },
  "s!pm!APRK": {
    "doc": "pm",
    "id": "APRK",
    "word": "AABERG"
  },
  "s!pm!ARTM": {
    "doc": "pm",
    "id": "ARTM",
    "word": "AARDEMA"
  },
  "s!pm!AXN": {
    "doc": "pm",
    "id": "AXN",
    "word": "AACHEN"
  },
  "s!pm!AXNR": {
    "doc": "pm",
    "id": "AXNR",
    "word": "AACHENER"
  },
  "s!sm!": {
    "doc": "sm",
    "id": "",
    "word": ""
  },
  "s!sm!A": {
    "doc": "sm",
    "id": "A",
    "word": "AAA"
  },
  "s!sm!AKN": {
    "doc": "sm",
    "id": "AKN",
    "word": "AACHEN"
  },
  "s!sm!AKNR": {
    "doc": "sm",
    "id": "AKNR",
    "word": "AACHENER"
  },
  "s!sm!AKR": {
    "doc": "sm",
    "id": "AKR",
    "word": "AAKER"
  },
  "s!sm!ALST": {
    "doc": "sm",
    "id": "ALST",
    "word": "AALSETH"
  },
  "s!sm!AMT": {
    "doc": "sm",
    "id": "AMT",
    "word": "AAMODT"
  },
  "s!sm!ANKR": {
    "doc": "sm",
    "id": "ANKR",
    "word": "AANCOR"
  },
  "s!sm!APRK": {
    "doc": "sm",
    "id": "APRK",
    "word": "AABERG"
  },
  "s!sm!ARTM": {
    "doc": "sm",
    "id": "ARTM",
    "word": "AARDEMA"
  },
  "s!w!": {
    "doc": "w",
    "id": "",
    "primaryMetaphone": "",
    "secondaryMetaphone": ""
  },
  "s!w!A": {
    "doc": "w",
    "id": "A",
    "primaryMetaphone": "A",
    "secondaryMetaphone": "A"
  },
  "s!w!AAA": {
    "doc": "w",
    "id": "AAA",
    "primaryMetaphone": "A",
    "secondaryMetaphone": "A"
  },
  "s!w!AABERG": {
    "doc": "w",
    "id": "AABERG",
    "primaryMetaphone": "APRK",
    "secondaryMetaphone": "APRK"
  },
  "s!w!AACHEN": {
    "doc": "w",
    "id": "AACHEN",
    "primaryMetaphone": "AXN",
    "secondaryMetaphone": "AKN"
  },
  "s!w!AACHENER": {
    "doc": "w",
    "id": "AACHENER",
    "primaryMetaphone": "AXNR",
    "secondaryMetaphone": "AKNR"
  },
  "s!w!AAKER": {
    "doc": "w",
    "id": "AAKER",
    "primaryMetaphone": "AKR",
    "secondaryMetaphone": "AKR"
  },
  "s!w!AALSETH": {
    "doc": "w",
    "id": "AALSETH",
    "primaryMetaphone": "ALS0",
    "secondaryMetaphone": "ALST"
  },
  "s!w!AAMODT": {
    "doc": "w",
    "id": "AAMODT",
    "primaryMetaphone": "AMT",
    "secondaryMetaphone": "AMT"
  },
  "s!w!AANCOR": {
    "doc": "w",
    "id": "AANCOR",
    "primaryMetaphone": "ANKR",
    "secondaryMetaphone": "ANKR"
  },
  "s!w!AARDEMA": {
    "doc": "w",
    "id": "AARDEMA",
    "primaryMetaphone": "ARTM",
    "secondaryMetaphone": "ARTM"
  }
}